// Jest Snapshot v1, https://goo.gl/fbAQLP

exports[`components/Input primary correctly render 1`] = `
<body>
  <div>
    <input
      class="svelte-9hrj2z"
      type="undefined"
    />
  </div>
</body>
`;
